// Jest Snapshot v1, https://goo.gl/fbAQLP

exports[`<ImageComponent /> <ImageComponent /> 1`] = `
<ImageComponent
  height={40}
  width={40}
>
  <View>
    <div
      className="rn-alignItems-1oszu61 rn-borderTopStyle-1efd50x rn-borderRightStyle-14skgim rn-borderBottomStyle-rull8r rn-borderLeftStyle-mm0ijv rn-borderTopWidth-13yce4e rn-borderRightWidth-fnigne rn-borderBottomWidth-ndvcnb rn-borderLeftWidth-gxnn5r rn-boxSizing-deolkf rn-display-6koalj rn-flexShrink-1pxmb3b rn-flexBasis-7vfszb rn-flexDirection-eqz5dr rn-marginTop-1mnahxq rn-marginRight-61z16t rn-marginBottom-p1pxzi rn-marginLeft-11wrixw rn-minHeight-ifefl9 rn-minWidth-bcqeeo rn-paddingTop-wk8lta rn-paddingRight-9aemit rn-paddingBottom-1mdbw0j rn-paddingLeft-gy4na3 rn-position-bnwqim rn-zIndex-1lgpqti"
    >
      <Image
        resizeMode="center"
        style={72}
      >
        <View
          style={
            Object {
              "backgroundColor": "transparent",
              "backgroundPosition": "center",
              "backgroundRepeat": "no-repeat",
              "backgroundSize": "auto",
              "borderWidth": 0,
              "height": 40,
              "width": 40,
              "zIndex": 0,
            }
          }
        >
          <div
            className="rn-alignItems-1oszu61 rn-backgroundColor-wib322 rn-backgroundPosition-vvn4in rn-backgroundRepeat-u6sd8q rn-backgroundSize-1sxrcry rn-borderTopStyle-1efd50x rn-borderRightStyle-14skgim rn-borderBottomStyle-rull8r rn-borderLeftStyle-mm0ijv rn-borderTopWidth-13yce4e rn-borderRightWidth-fnigne rn-borderBottomWidth-ndvcnb rn-borderLeftWidth-gxnn5r rn-boxSizing-deolkf rn-display-6koalj rn-flexShrink-1pxmb3b rn-flexBasis-7vfszb rn-flexDirection-eqz5dr rn-height-eu3ka rn-marginTop-1mnahxq rn-marginRight-61z16t rn-marginBottom-p1pxzi rn-marginLeft-11wrixw rn-minHeight-ifefl9 rn-minWidth-bcqeeo rn-paddingTop-wk8lta rn-paddingRight-9aemit rn-paddingBottom-1mdbw0j rn-paddingLeft-gy4na3 rn-position-bnwqim rn-width-1aockid rn-zIndex-1lgpqti"
          />
        </View>
      </Image>
    </div>
  </View>
</ImageComponent>
`;
